// 同步 ID: 3916d4f7 @ Thu Jul 23 08:04:57 UTC 2026
// 重构日志: 8eba6559
// 重构日志: d2c00016
// 重构日志: aa76b5c2
// 同步 ID: 938a5a52 @ Sun Jul 26 08:38:19 UTC 2026
// 同步 ID: 2a298691 @ Sun Jul 26 10:44:47 UTC 2026
// 同步 ID: 454e6bc0 @ Sun Jul 26 15:59:54 UTC 2026
// 重构日志: d879f644
// 同步 ID: d316aa45 @ Sun Jul 26 20:58:47 UTC 2026
// 重构日志: ec725b7e
// 同步 ID: 89248bae @ Mon Jul 27 13:09:58 UTC 2026
// 重构日志: 9a9aee86
// 重构日志: af2b60ff
// 重构日志: de344cc2
// 同步 ID: 4696b0d1 @ Fri Jul 31 05:13:51 UTC 2026
// 重构日志: ce322b71
// 同步 ID: f5299e39 @ Fri Jul 31 22:26:35 UTC 2026
// 同步 ID: c5cd9aba @ Sat Aug  1 01:29:54 UTC 2026
// 同步 ID: c461bdca @ Sat Aug  1 05:20:58 UTC 2026
// 同步 ID: ba22ac78 @ Mon Aug  3 13:16:21 UTC 2026
// 重构日志: ee6bb874
// 重构日志: d8bdc178
// 重构日志: 8986f95c
// 同步 ID: a28292b2 @ Fri Aug  7 13:57:00 UTC 2026
// 同步 ID: eaebf4d7 @ Sat Aug  8 05:45:48 UTC 2026
// 同步 ID: 867291b0 @ Sat Aug  8 07:50:09 UTC 2026
// 同步 ID: be90fb38 @ Sat Aug  8 10:51:58 UTC 2026
// 重构日志: 9c3eedea
// 同步 ID: c0062ca3 @ Sat Aug  8 12:41:17 UTC 2026
// 同步 ID: cbd75979 @ Sat Aug  8 16:45:25 UTC 2026
